<html>
<body>
<pre>
<h1>µVision Build Log</h1>
<h2>Project:</h2>
G:\PROGRAMMING\ST Project\MOBILE_ROBOT\Mobile Robot.uvproj
Project File Date:  03/28/2013

<h2>Output:</h2>
Build target 'Mobile Robot'
compiling common.c...
E:\Keil\ARM\Inc\ST\STM32F10x\stm32f10x.h(96): error:  #35: #error directive: "Please select first the target STM32F10x device used in your application (in stm32f10x.h file)"
compiling main.c...
E:\Keil\ARM\Inc\ST\STM32F10x\stm32f10x.h(96): error:  #35: #error directive: "Please select first the target STM32F10x device used in your application (in stm32f10x.h file)"
compiling stm32f10x_it.c...
E:\Keil\ARM\Inc\ST\STM32F10x\stm32f10x.h(96): error:  #35: #error directive: "Please select first the target STM32F10x device used in your application (in stm32f10x.h file)"
compiling system_stm32f10x.c...
E:\Keil\ARM\Inc\ST\STM32F10x\stm32f10x.h(96): error:  #35: #error directive: "Please select first the target STM32F10x device used in your application (in stm32f10x.h file)"
compiling control.c...
Src\control.h(16): error:  #5: cannot open source input file "common.h": No such file or directory
compiling led.c...
Src\led.h(16): error:  #5: cannot open source input file "common.h": No such file or directory
compiling motor.c...
Src\motor.h(16): error:  #5: cannot open source input file "common.h": No such file or directory
compiling systick.c...
Src\systick.h(16): error:  #5: cannot open source input file "common.h": No such file or directory
compiling stm32f10x_tim.c...
..\STM32F10x_Lib_V3.5.0\STM32F10x_StdPeriph_Driver\src\stm32f10x_tim.c(23): error:  #5: cannot open source input file "stm32f10x_tim.h": No such file or directory
compiling stm32f10x_usart.c...
..\STM32F10x_Lib_V3.5.0\STM32F10x_StdPeriph_Driver\src\stm32f10x_usart.c(23): error:  #5: cannot open source input file "stm32f10x_usart.h": No such file or directory
compiling misc.c...
..\STM32F10x_Lib_V3.5.0\STM32F10x_StdPeriph_Driver\src\misc.c(24): error:  #5: cannot open source input file "misc.h": No such file or directory
compiling stm32f10x_exti.c...
..\STM32F10x_Lib_V3.5.0\STM32F10x_StdPeriph_Driver\src\stm32f10x_exti.c(23): error:  #5: cannot open source input file "stm32f10x_exti.h": No such file or directory
compiling stm32f10x_gpio.c...
..\STM32F10x_Lib_V3.5.0\STM32F10x_StdPeriph_Driver\src\stm32f10x_gpio.c(23): error:  #5: cannot open source input file "stm32f10x_gpio.h": No such file or directory
compiling stm32f10x_rcc.c...
..\STM32F10x_Lib_V3.5.0\STM32F10x_StdPeriph_Driver\src\stm32f10x_rcc.c(23): error:  #5: cannot open source input file "stm32f10x_rcc.h": No such file or directory
compiling core_cm3.c...
assembling startup_stm32f10x_md.s...
Target not created
Build target 'Mobile Robot'
compiling common.c...
compiling main.c...
compiling stm32f10x_it.c...
User\stm32f10x_it.h(29): error:  #5: cannot open source input file "encoder.h": No such file or directory
compiling system_stm32f10x.c...
compiling control.c...
compiling led.c...
compiling motor.c...
Src\motor.c(48): error:  #20: identifier "Motor1_PWM_Port" is undefined
Src\motor.c(58): error:  #20: identifier "PrescalerValue" is undefined
compiling systick.c...
compiling stm32f10x_tim.c...
compiling stm32f10x_usart.c...
compiling misc.c...
compiling stm32f10x_exti.c...
compiling stm32f10x_gpio.c...
compiling stm32f10x_rcc.c...
compiling core_cm3.c...
assembling startup_stm32f10x_md.s...
Target not created
Build target 'Mobile Robot'
compiling main.c...
compiling stm32f10x_it.c...
compiling motor.c...
Src\motor.c(50): error:  #20: identifier "Motor1_PWM_Port" is undefined
Target not created
Build target 'Mobile Robot'
compiling motor.c...
Src\motor.c(50): error:  #20: identifier "Motor1_PWM_Port" is undefined
Target not created
Build target 'Mobile Robot'
compiling motor.c...
linking...
Program Size: Code=3340 RO-data=268 RW-data=72 ZI-data=1632  
FromELF: creating hex file...
".\Obj\Mobile Robot.axf" - 0 Error(s), 0 Warning(s).
Build target 'Mobile Robot'
compiling uart.c...
linking...
Program Size: Code=4984 RO-data=268 RW-data=80 ZI-data=2208  
FromELF: creating hex file...
".\Obj\Mobile Robot.axf" - 0 Error(s), 0 Warning(s).
Build target 'Mobile Robot'
compiling main.c...
User\main.c(26): warning:  #223-D: function "SysTick_Init" declared implicitly
User\main.c(28): warning:  #223-D: function "UART1_Init" declared implicitly
User\main.c(41): warning:  #223-D: function "delay_ms" declared implicitly
linking...
Program Size: Code=8872 RO-data=268 RW-data=84 ZI-data=2212  
FromELF: creating hex file...
".\Obj\Mobile Robot.axf" - 0 Error(s), 3 Warning(s).
Build target 'Mobile Robot'
compiling main.c...
linking...
Program Size: Code=8872 RO-data=268 RW-data=84 ZI-data=2212  
FromELF: creating hex file...
".\Obj\Mobile Robot.axf" - 0 Error(s), 0 Warning(s).
Build target 'Mobile Robot'
compiling main.c...
compiling control.c...
compiling motor.c...
compiling uart.c...
linking...
Program Size: Code=8880 RO-data=268 RW-data=84 ZI-data=2212  
FromELF: creating hex file...
".\Obj\Mobile Robot.axf" - 0 Error(s), 0 Warning(s).
