ARM Linker, 5.03 [Build 24] [MDK-ARM Lite]

==============================================================================

Section Cross References

    main.o(.text) refers to systick.o(.text) for SysTick_Init
    main.o(.text) refers to motor.o(.text) for Motor_Init
    main.o(.text) refers to uart.o(.text) for UART1_Init
    main.o(.text) refers to buzzer.o(.text) for Buzzer_Init
    main.o(.text) refers to led.o(.text) for Led7_Init
    main.o(.text) refers to input.o(.text) for Input_Init
    main.o(.text) refers to flash.o(.text) for Flash_Init
    main.o(.text) refers to adc.o(.text) for Get_ADC_Parameter_Flash
    main.o(.text) refers to stm32f10x_gpio.o(.text) for GPIO_ReadInputDataBit
    main.o(.text) refers to control.o(.text) for Robot_Control_Via_UART
    main.o(.text) refers to systick.o(.data) for display_flag
    system_stm32f10x.o(.text) refers to system_stm32f10x.o(.data) for SystemCoreClock
    control.o(.text) refers to motor.o(.text) for Motor_Speed
    control.o(.text) refers to fflti.o(.text) for __aeabi_i2f
    control.o(.text) refers to fadd.o(.text) for __aeabi_fadd
    control.o(.text) refers to ffltui.o(.text) for __aeabi_ui2f
    control.o(.text) refers to fdiv.o(.text) for __aeabi_fdiv
    control.o(.text) refers to cfrcmple.o(.text) for __aeabi_cfrcmple
    control.o(.text) refers to cfcmple.o(.text) for __aeabi_cfcmple
    control.o(.text) refers to adc.o(.text) for Read_Sensor
    control.o(.text) refers to ffixi.o(.text) for __aeabi_f2iz
    control.o(.text) refers to fmul.o(.text) for __aeabi_fmul
    control.o(.text) refers to uart.o(.data) for RxPackedIncomeFlag
    control.o(.text) refers to uart.o(.bss) for RxBuffer
    control.o(.text) refers to control.o(.data) for PID_flag
    control.o(.text) refers to adc.o(.data) for sen_sum
    led.o(.text) refers to stm32f10x_rcc.o(.text) for RCC_APB2PeriphClockCmd
    led.o(.text) refers to stm32f10x_gpio.o(.text) for GPIO_Init
    led.o(.text) refers to systick.o(.text) for delay_ms
    led.o(.text) refers to common.o(.data) for GPIO_InitStructure
    led.o(.text) refers to led.o(.data) for num
    motor.o(.text) refers to stm32f10x_rcc.o(.text) for RCC_APB2PeriphClockCmd
    motor.o(.text) refers to stm32f10x_gpio.o(.text) for GPIO_PinRemapConfig
    motor.o(.text) refers to stm32f10x_tim.o(.text) for TIM_TimeBaseInit
    motor.o(.text) refers to common.o(.data) for GPIO_InitStructure
    motor.o(.text) refers to system_stm32f10x.o(.data) for SystemCoreClock
    motor.o(.text) refers to motor.o(.data) for PrescalerValue
    motor.o(.text) refers to common.o(.bss) for TIM_TimeBaseStructure
    systick.o(.text) refers to led.o(.text) for outLed7
    systick.o(.text) refers to adc.o(.text) for Read_Sensor
    systick.o(.text) refers to control.o(.text) for TrackLinePID
    systick.o(.text) refers to systick.o(.data) for cnt0
    systick.o(.text) refers to adc.o(.data) for sensor_disp
    systick.o(.text) refers to control.o(.data) for v_trackline
    systick.o(.text) refers to system_stm32f10x.o(.data) for SystemCoreClock
    uart.o(.text) refers to stm32f10x_usart.o(.text) for USART_GetITStatus
    uart.o(.text) refers to stm32f10x_rcc.o(.text) for RCC_APB2PeriphClockCmd
    uart.o(.text) refers to stm32f10x_gpio.o(.text) for GPIO_Init
    uart.o(.text) refers to misc.o(.text) for NVIC_Init
    uart.o(.text) refers to uart.o(.data) for RxCounter
    uart.o(.text) refers to uart.o(.bss) for RxBuffer
    uart.o(.text) refers to common.o(.data) for GPIO_InitStructure
    uart.o(.text) refers to common.o(.bss) for USART_InitStructure
    buzzer.o(.text) refers to stm32f10x_rcc.o(.text) for RCC_APB2PeriphClockCmd
    buzzer.o(.text) refers to stm32f10x_gpio.o(.text) for GPIO_Init
    buzzer.o(.text) refers to systick.o(.text) for delay_ms
    buzzer.o(.text) refers to systick.o(.data) for cnt0
    adc.o(.text) refers to stm32f10x_rcc.o(.text) for RCC_APB2PeriphClockCmd
    adc.o(.text) refers to stm32f10x_gpio.o(.text) for GPIO_Init
    adc.o(.text) refers to stm32f10x_dma.o(.text) for DMA_DeInit
    adc.o(.text) refers to stm32f10x_adc.o(.text) for ADC_Init
    adc.o(.text) refers to systick.o(.text) for delay_ms
    adc.o(.text) refers to flash.o(.text) for Flash_Read
    adc.o(.text) refers to adc.o(.bss) for ADC_Val
    adc.o(.text) refers to adc.o(.data) for sensor_disp
    adc.o(.text) refers to flash.o(.bss) for flash_data
    flash.o(.text) refers to stm32f10x_flash.o(.text) for FLASH_UnlockBank1
    flash.o(.text) refers to flash.o(.data) for NbrOfPage
    flash.o(.text) refers to flash.o(.bss) for flash_data
    input.o(.text) refers to stm32f10x_rcc.o(.text) for RCC_APB2PeriphClockCmd
    input.o(.text) refers to stm32f10x_gpio.o(.text) for GPIO_PinRemapConfig
    stm32f10x_tim.o(.text) refers to stm32f10x_rcc.o(.text) for RCC_APB2PeriphResetCmd
    stm32f10x_usart.o(.text) refers to stm32f10x_rcc.o(.text) for RCC_APB2PeriphResetCmd
    stm32f10x_gpio.o(.text) refers to stm32f10x_rcc.o(.text) for RCC_APB2PeriphResetCmd
    stm32f10x_rcc.o(.text) refers to stm32f10x_rcc.o(.data) for APBAHBPrescTable
    startup_stm32f10x_md.o(RESET) refers to startup_stm32f10x_md.o(STACK) for __initial_sp
    startup_stm32f10x_md.o(RESET) refers to startup_stm32f10x_md.o(.text) for Reset_Handler
    startup_stm32f10x_md.o(RESET) refers to stm32f10x_it.o(.text) for NMI_Handler
    startup_stm32f10x_md.o(RESET) refers to systick.o(.text) for SysTick_Handler
    startup_stm32f10x_md.o(RESET) refers to uart.o(.text) for USART1_IRQHandler
    startup_stm32f10x_md.o(.text) refers to system_stm32f10x.o(.text) for SystemInit
    startup_stm32f10x_md.o(.text) refers to entry.o(.ARM.Collect$$$$00000000) for __main
    stm32f10x_adc.o(.text) refers to stm32f10x_rcc.o(.text) for RCC_APB2PeriphResetCmd
    entry.o(.ARM.Collect$$$$00000000) refers (Special) to entry10a.o(.ARM.Collect$$$$0000000D) for __rt_final_cpp
    entry.o(.ARM.Collect$$$$00000000) refers (Special) to entry11a.o(.ARM.Collect$$$$0000000F) for __rt_final_exit
    entry.o(.ARM.Collect$$$$00000000) refers (Special) to entry7b.o(.ARM.Collect$$$$00000008) for _main_clock
    entry.o(.ARM.Collect$$$$00000000) refers (Special) to entry8b.o(.ARM.Collect$$$$0000000A) for _main_cpp_init
    entry.o(.ARM.Collect$$$$00000000) refers (Special) to entry9a.o(.ARM.Collect$$$$0000000B) for _main_init
    entry.o(.ARM.Collect$$$$00000000) refers (Special) to entry5.o(.ARM.Collect$$$$00000004) for _main_scatterload
    entry.o(.ARM.Collect$$$$00000000) refers (Special) to entry2.o(.ARM.Collect$$$$00000001) for _main_stk
    fadd.o(.text) refers (Special) to iusefp.o(.text) for __I$use$fp
    fadd.o(.text) refers to fepilogue.o(.text) for _float_epilogue
    fmul.o(.text) refers (Special) to iusefp.o(.text) for __I$use$fp
    fdiv.o(.text) refers (Special) to iusefp.o(.text) for __I$use$fp
    fdiv.o(.text) refers to fepilogue.o(.text) for _float_round
    fflti.o(.text) refers (Special) to iusefp.o(.text) for __I$use$fp
    fflti.o(.text) refers to fepilogue.o(.text) for _float_epilogue
    ffltui.o(.text) refers (Special) to iusefp.o(.text) for __I$use$fp
    ffltui.o(.text) refers to fepilogue.o(.text) for _float_epilogue
    ffixi.o(.text) refers (Special) to iusefp.o(.text) for __I$use$fp
    cfcmple.o(.text) refers (Special) to iusefp.o(.text) for __I$use$fp
    cfrcmple.o(.text) refers (Special) to iusefp.o(.text) for __I$use$fp
    entry2.o(.ARM.Collect$$$$00000001) refers to entry2.o(.ARM.Collect$$$$00002712) for __lit__00000000
    entry2.o(.ARM.Collect$$$$00002712) refers to startup_stm32f10x_md.o(STACK) for __initial_sp
    entry2.o(__vectab_stack_and_reset_area) refers to startup_stm32f10x_md.o(STACK) for __initial_sp
    entry2.o(__vectab_stack_and_reset_area) refers to entry.o(.ARM.Collect$$$$00000000) for __main
    entry5.o(.ARM.Collect$$$$00000004) refers to init.o(.text) for __scatterload
    entry9a.o(.ARM.Collect$$$$0000000B) refers to main.o(.text) for main
    entry9b.o(.ARM.Collect$$$$0000000C) refers to main.o(.text) for main
    init.o(.text) refers to entry5.o(.ARM.Collect$$$$00000004) for __main_after_scatterload


==============================================================================

Removing Unused input sections from the image.

    Removing stm32f10x_exti.o(.text), (284 bytes).
    Removing core_cm3.o(.emb_text), (32 bytes).
    Removing startup_stm32f10x_md.o(HEAP), (512 bytes).

3 unused section(s) (total 828 bytes) removed from the image.

==============================================================================

Image Symbol Table

    Local Symbols

    Symbol Name                              Value     Ov Type        Size  Object(Section)

    ../clib/microlib/init/entry.s            0x00000000   Number         0  entry.o ABSOLUTE
    ../clib/microlib/init/entry.s            0x00000000   Number         0  entry7a.o ABSOLUTE
    ../clib/microlib/init/entry.s            0x00000000   Number         0  entry5.o ABSOLUTE
    ../clib/microlib/init/entry.s            0x00000000   Number         0  entry10b.o ABSOLUTE
    ../clib/microlib/init/entry.s            0x00000000   Number         0  entry2.o ABSOLUTE
    ../clib/microlib/init/entry.s            0x00000000   Number         0  entry9b.o ABSOLUTE
    ../clib/microlib/init/entry.s            0x00000000   Number         0  entry10a.o ABSOLUTE
    ../clib/microlib/init/entry.s            0x00000000   Number         0  entry9a.o ABSOLUTE
    ../clib/microlib/init/entry.s            0x00000000   Number         0  entry8b.o ABSOLUTE
    ../clib/microlib/init/entry.s            0x00000000   Number         0  entry8a.o ABSOLUTE
    ../clib/microlib/init/entry.s            0x00000000   Number         0  entry7b.o ABSOLUTE
    ../clib/microlib/init/entry.s            0x00000000   Number         0  entry11b.o ABSOLUTE
    ../clib/microlib/init/entry.s            0x00000000   Number         0  entry11a.o ABSOLUTE
    ../clib/microlib/stubs.s                 0x00000000   Number         0  iusefp.o ABSOLUTE
    ../fplib/microlib/fpadd.c                0x00000000   Number         0  fadd.o ABSOLUTE
    ../fplib/microlib/fpdiv.c                0x00000000   Number         0  fdiv.o ABSOLUTE
    ../fplib/microlib/fpepilogue.c           0x00000000   Number         0  fepilogue.o ABSOLUTE
    ../fplib/microlib/fpfix.c                0x00000000   Number         0  ffixi.o ABSOLUTE
    ../fplib/microlib/fpflt.c                0x00000000   Number         0  ffltui.o ABSOLUTE
    ../fplib/microlib/fpflt.c                0x00000000   Number         0  fflti.o ABSOLUTE
    ../fplib/microlib/fpmul.c                0x00000000   Number         0  fmul.o ABSOLUTE
    ..\STM32F10x_Lib_V3.5.0\CMSIS\CM3\CoreSupport\core_cm3.c 0x00000000   Number         0  core_cm3.o ABSOLUTE
    ..\STM32F10x_Lib_V3.5.0\CMSIS\CM3\DeviceSupport\ST\STM32F10x\startup\arm\startup_stm32f10x_md.s 0x00000000   Number         0  startup_stm32f10x_md.o ABSOLUTE
    ..\STM32F10x_Lib_V3.5.0\STM32F10x_StdPeriph_Driver\src\misc.c 0x00000000   Number         0  misc.o ABSOLUTE
    ..\STM32F10x_Lib_V3.5.0\STM32F10x_StdPeriph_Driver\src\stm32f10x_adc.c 0x00000000   Number         0  stm32f10x_adc.o ABSOLUTE
    ..\STM32F10x_Lib_V3.5.0\STM32F10x_StdPeriph_Driver\src\stm32f10x_dma.c 0x00000000   Number         0  stm32f10x_dma.o ABSOLUTE
    ..\STM32F10x_Lib_V3.5.0\STM32F10x_StdPeriph_Driver\src\stm32f10x_exti.c 0x00000000   Number         0  stm32f10x_exti.o ABSOLUTE
    ..\STM32F10x_Lib_V3.5.0\STM32F10x_StdPeriph_Driver\src\stm32f10x_flash.c 0x00000000   Number         0  stm32f10x_flash.o ABSOLUTE
    ..\STM32F10x_Lib_V3.5.0\STM32F10x_StdPeriph_Driver\src\stm32f10x_gpio.c 0x00000000   Number         0  stm32f10x_gpio.o ABSOLUTE
    ..\STM32F10x_Lib_V3.5.0\STM32F10x_StdPeriph_Driver\src\stm32f10x_rcc.c 0x00000000   Number         0  stm32f10x_rcc.o ABSOLUTE
    ..\STM32F10x_Lib_V3.5.0\STM32F10x_StdPeriph_Driver\src\stm32f10x_tim.c 0x00000000   Number         0  stm32f10x_tim.o ABSOLUTE
    ..\STM32F10x_Lib_V3.5.0\STM32F10x_StdPeriph_Driver\src\stm32f10x_usart.c 0x00000000   Number         0  stm32f10x_usart.o ABSOLUTE
    ..\\STM32F10x_Lib_V3.5.0\\CMSIS\\CM3\\CoreSupport\\core_cm3.c 0x00000000   Number         0  core_cm3.o ABSOLUTE
    Src\adc.c                                0x00000000   Number         0  adc.o ABSOLUTE
    Src\buzzer.c                             0x00000000   Number         0  buzzer.o ABSOLUTE
    Src\control.c                            0x00000000   Number         0  control.o ABSOLUTE
    Src\flash.c                              0x00000000   Number         0  flash.o ABSOLUTE
    Src\input.c                              0x00000000   Number         0  input.o ABSOLUTE
    Src\led.c                                0x00000000   Number         0  led.o ABSOLUTE
    Src\motor.c                              0x00000000   Number         0  motor.o ABSOLUTE
    Src\systick.c                            0x00000000   Number         0  systick.o ABSOLUTE
    Src\uart.c                               0x00000000   Number         0  uart.o ABSOLUTE
    User\common.c                            0x00000000   Number         0  common.o ABSOLUTE
    User\main.c                              0x00000000   Number         0  main.o ABSOLUTE
    User\stm32f10x_it.c                      0x00000000   Number         0  stm32f10x_it.o ABSOLUTE
    User\system_stm32f10x.c                  0x00000000   Number         0  system_stm32f10x.o ABSOLUTE
    cfcmple.s                                0x00000000   Number         0  cfcmple.o ABSOLUTE
    cfrcmple.s                               0x00000000   Number         0  cfrcmple.o ABSOLUTE
    dc.s                                     0x00000000   Number         0  dc.o ABSOLUTE
    handlers.s                               0x00000000   Number         0  handlers.o ABSOLUTE
    init.s                                   0x00000000   Number         0  init.o ABSOLUTE
    RESET                                    0x08000000   Section      236  startup_stm32f10x_md.o(RESET)
    .ARM.Collect$$$$00000000                 0x080000ec   Section        0  entry.o(.ARM.Collect$$$$00000000)
    .ARM.Collect$$$$00000001                 0x080000ec   Section        4  entry2.o(.ARM.Collect$$$$00000001)
    .ARM.Collect$$$$00000004                 0x080000f0   Section        4  entry5.o(.ARM.Collect$$$$00000004)
    .ARM.Collect$$$$00000008                 0x080000f4   Section        0  entry7b.o(.ARM.Collect$$$$00000008)
    .ARM.Collect$$$$0000000A                 0x080000f4   Section        0  entry8b.o(.ARM.Collect$$$$0000000A)
    .ARM.Collect$$$$0000000B                 0x080000f4   Section        8  entry9a.o(.ARM.Collect$$$$0000000B)
    .ARM.Collect$$$$0000000D                 0x080000fc   Section        0  entry10a.o(.ARM.Collect$$$$0000000D)
    .ARM.Collect$$$$0000000F                 0x080000fc   Section        0  entry11a.o(.ARM.Collect$$$$0000000F)
    .ARM.Collect$$$$00002712                 0x080000fc   Section        4  entry2.o(.ARM.Collect$$$$00002712)
    __lit__00000000                          0x080000fc   Data           4  entry2.o(.ARM.Collect$$$$00002712)
    .text                                    0x08000100   Section        0  main.o(.text)
    .text                                    0x080001a8   Section        0  stm32f10x_it.o(.text)
    .text                                    0x080001c0   Section        0  system_stm32f10x.o(.text)
    SetSysClockTo72                          0x080001c1   Thumb Code   212  system_stm32f10x.o(.text)
    SetSysClock                              0x08000295   Thumb Code     8  system_stm32f10x.o(.text)
    .text                                    0x0800039c   Section        0  control.o(.text)
    .text                                    0x080007c8   Section        0  led.o(.text)
    .text                                    0x080009f8   Section        0  motor.o(.text)
    .text                                    0x08000b90   Section        0  systick.o(.text)
    .text                                    0x08000c78   Section        0  uart.o(.text)
    .text                                    0x08000e04   Section        0  buzzer.o(.text)
    .text                                    0x08000e8c   Section        0  adc.o(.text)
    .text                                    0x080013bc   Section        0  flash.o(.text)
    .text                                    0x080014cc   Section        0  input.o(.text)
    .text                                    0x0800152c   Section        0  stm32f10x_tim.o(.text)
    TI4_Config                               0x080019d3   Thumb Code   130  stm32f10x_tim.o(.text)
    TI3_Config                               0x08001a67   Thumb Code   122  stm32f10x_tim.o(.text)
    TI2_Config                               0x08001afb   Thumb Code   130  stm32f10x_tim.o(.text)
    TI1_Config                               0x08001b8f   Thumb Code   108  stm32f10x_tim.o(.text)
    .text                                    0x08002348   Section        0  stm32f10x_usart.o(.text)
    .text                                    0x08002750   Section        0  misc.o(.text)
    .text                                    0x0800282c   Section        0  stm32f10x_gpio.o(.text)
    .text                                    0x08002b84   Section        0  stm32f10x_rcc.o(.text)
    .text                                    0x08002f28   Section       36  startup_stm32f10x_md.o(.text)
    .text                                    0x08002f4c   Section        0  stm32f10x_adc.o(.text)
    .text                                    0x0800339c   Section        0  stm32f10x_flash.o(.text)
    .text                                    0x08003958   Section        0  stm32f10x_dma.o(.text)
    .text                                    0x08003ba8   Section        0  fadd.o(.text)
    .text                                    0x08003c58   Section        0  fmul.o(.text)
    .text                                    0x08003cc4   Section        0  fdiv.o(.text)
    .text                                    0x08003d44   Section        0  fflti.o(.text)
    .text                                    0x08003d56   Section        0  ffltui.o(.text)
    .text                                    0x08003d60   Section        0  ffixi.o(.text)
    .text                                    0x08003d94   Section       20  cfcmple.o(.text)
    .text                                    0x08003da8   Section       20  cfrcmple.o(.text)
    .text                                    0x08003dbc   Section        0  iusefp.o(.text)
    .text                                    0x08003dbc   Section        0  fepilogue.o(.text)
    .text                                    0x08003e28   Section       36  init.o(.text)
    i.__scatterload_copy                     0x08003e4c   Section       14  handlers.o(i.__scatterload_copy)
    i.__scatterload_null                     0x08003e5a   Section        2  handlers.o(i.__scatterload_null)
    i.__scatterload_zeroinit                 0x08003e5c   Section       14  handlers.o(i.__scatterload_zeroinit)
    .data                                    0x20000000   Section       16  common.o(.data)
    .data                                    0x20000010   Section       20  system_stm32f10x.o(.data)
    .data                                    0x20000024   Section       81  control.o(.data)
    .data                                    0x20000076   Section       10  led.o(.data)
    led_cnt                                  0x20000076   Data           1  led.o(.data)
    led_num                                  0x20000077   Data           1  led.o(.data)
    .data                                    0x20000080   Section        2  motor.o(.data)
    .data                                    0x20000082   Section        7  systick.o(.data)
    .data                                    0x2000008a   Section        9  uart.o(.data)
    .data                                    0x20000093   Section       16  adc.o(.data)
    .data                                    0x200000a4   Section       14  flash.o(.data)
    .data                                    0x200000b2   Section       20  stm32f10x_rcc.o(.data)
    APBAHBPrescTable                         0x200000b2   Data          16  stm32f10x_rcc.o(.data)
    ADCPrescTable                            0x200000c2   Data           4  stm32f10x_rcc.o(.data)
    .bss                                     0x200000c8   Section       76  common.o(.bss)
    .bss                                     0x20000114   Section      500  uart.o(.bss)
    .bss                                     0x20000308   Section      128  adc.o(.bss)
    .bss                                     0x20000388   Section      200  flash.o(.bss)
    STACK                                    0x20000450   Section     1024  startup_stm32f10x_md.o(STACK)

    Global Symbols

    Symbol Name                              Value     Ov Type        Size  Object(Section)

    BuildAttributes$$THM_ISAv4$P$D$K$B$S$PE$A:L22UL41UL21$X:L11$S22US41US21$IEEE1$IW$USESV6$~STKCKD$USESV7$~SHL$OTIME$ROPI$EBA8$MICROLIB$REQ8$PRES8$EABIv2 0x00000000   Number         0  anon$$obj.o ABSOLUTE
    __ARM_use_no_argv                        0x00000000   Number         0  main.o ABSOLUTE
    __cpp_initialize__aeabi_                  - Undefined Weak Reference
    __cxa_finalize                            - Undefined Weak Reference
    __decompress                              - Undefined Weak Reference
    _clock_init                               - Undefined Weak Reference
    _microlib_exit                            - Undefined Weak Reference
    __Vectors_Size                           0x000000ec   Number         0  startup_stm32f10x_md.o ABSOLUTE
    __Vectors                                0x08000000   Data           4  startup_stm32f10x_md.o(RESET)
    __Vectors_End                            0x080000ec   Data           0  startup_stm32f10x_md.o(RESET)
    __main                                   0x080000ed   Thumb Code     0  entry.o(.ARM.Collect$$$$00000000)
    _main_stk                                0x080000ed   Thumb Code     0  entry2.o(.ARM.Collect$$$$00000001)
    _main_scatterload                        0x080000f1   Thumb Code     0  entry5.o(.ARM.Collect$$$$00000004)
    __main_after_scatterload                 0x080000f5   Thumb Code     0  entry5.o(.ARM.Collect$$$$00000004)
    _main_clock                              0x080000f5   Thumb Code     0  entry7b.o(.ARM.Collect$$$$00000008)
    _main_cpp_init                           0x080000f5   Thumb Code     0  entry8b.o(.ARM.Collect$$$$0000000A)
    _main_init                               0x080000f5   Thumb Code     0  entry9a.o(.ARM.Collect$$$$0000000B)
    __rt_final_cpp                           0x080000fd   Thumb Code     0  entry10a.o(.ARM.Collect$$$$0000000D)
    __rt_final_exit                          0x080000fd   Thumb Code     0  entry11a.o(.ARM.Collect$$$$0000000F)
    init                                     0x08000101   Thumb Code    52  main.o(.text)
    main                                     0x08000135   Thumb Code   108  main.o(.text)
    NMI_Handler                              0x080001a9   Thumb Code     2  stm32f10x_it.o(.text)
    HardFault_Handler                        0x080001ab   Thumb Code     4  stm32f10x_it.o(.text)
    MemManage_Handler                        0x080001af   Thumb Code     4  stm32f10x_it.o(.text)
    BusFault_Handler                         0x080001b3   Thumb Code     4  stm32f10x_it.o(.text)
    UsageFault_Handler                       0x080001b7   Thumb Code     4  stm32f10x_it.o(.text)
    SVC_Handler                              0x080001bb   Thumb Code     2  stm32f10x_it.o(.text)
    DebugMon_Handler                         0x080001bd   Thumb Code     2  stm32f10x_it.o(.text)
    PendSV_Handler                           0x080001bf   Thumb Code     2  stm32f10x_it.o(.text)
    SystemInit                               0x0800029d   Thumb Code    78  system_stm32f10x.o(.text)
    SystemCoreClockUpdate                    0x080002eb   Thumb Code   142  system_stm32f10x.o(.text)
    Robot_Control_Via_UART                   0x0800039d   Thumb Code   198  control.o(.text)
    Calc_E                                   0x08000463   Thumb Code   262  control.o(.text)
    TrackLinePID                             0x08000569   Thumb Code   488  control.o(.text)
    Led7_Init                                0x080007c9   Thumb Code    56  led.o(.text)
    clock7                                   0x08000801   Thumb Code    16  led.o(.text)
    outLed7                                  0x08000811   Thumb Code    54  led.o(.text)
    calcNum                                  0x08000847   Thumb Code   158  led.o(.text)
    updateNum                                0x080008e5   Thumb Code   194  led.o(.text)
    blinky                                   0x080009a7   Thumb Code    42  led.o(.text)
    Motor_Init                               0x080009f9   Thumb Code   254  motor.o(.text)
    Motor1_Speed                             0x08000af7   Thumb Code    40  motor.o(.text)
    Motor2_Speed                             0x08000b1f   Thumb Code    40  motor.o(.text)
    Motor_Speed                              0x08000b47   Thumb Code    20  motor.o(.text)
    Motor_Stop                               0x08000b5b   Thumb Code    12  motor.o(.text)
    SysTick_Handler                          0x08000b91   Thumb Code    68  systick.o(.text)
    SysTick_Init                             0x08000bd5   Thumb Code    86  systick.o(.text)
    delay_ms                                 0x08000c2b   Thumb Code    18  systick.o(.text)
    delay_us                                 0x08000c3d   Thumb Code    18  systick.o(.text)
    USART1_IRQHandler                        0x08000c79   Thumb Code   116  uart.o(.text)
    UART1_Init                               0x08000ced   Thumb Code   130  uart.o(.text)
    UART_Send_Frame                          0x08000d6f   Thumb Code    74  uart.o(.text)
    fputc                                    0x08000db9   Thumb Code    32  uart.o(.text)
    Buzzer_Init                              0x08000e05   Thumb Code    52  buzzer.o(.text)
    beep                                     0x08000e39   Thumb Code    44  buzzer.o(.text)
    beep_long                                0x08000e65   Thumb Code    30  buzzer.o(.text)
    delay_adc                                0x08000e8d   Thumb Code    30  adc.o(.text)
    Sensor_Init                              0x08000eab   Thumb Code   344  adc.o(.text)
    Read_Sensor                              0x08001003   Thumb Code   372  adc.o(.text)
    Calc_ADC_Sample                          0x08001177   Thumb Code    74  adc.o(.text)
    Get_ADC_Parameter_Flash                  0x080011c1   Thumb Code    64  adc.o(.text)
    Push_ADC_Parameter_Flash                 0x08001201   Thumb Code    48  adc.o(.text)
    Get_High_Parameter                       0x08001231   Thumb Code   240  adc.o(.text)
    Get_Low_Parameter                        0x08001321   Thumb Code   136  adc.o(.text)
    Flash_Init                               0x080013bd   Thumb Code    14  flash.o(.text)
    Flash_Write                              0x080013cb   Thumb Code   136  flash.o(.text)
    Flash_Read                               0x08001453   Thumb Code    64  flash.o(.text)
    Flash_Del_Data                           0x08001493   Thumb Code    24  flash.o(.text)
    Input_Init                               0x080014cd   Thumb Code    84  input.o(.text)
    TIM_DeInit                               0x0800152d   Thumb Code   424  stm32f10x_tim.o(.text)
    TIM_TimeBaseInit                         0x080016d5   Thumb Code   122  stm32f10x_tim.o(.text)
    TIM_OC1Init                              0x0800174f   Thumb Code   132  stm32f10x_tim.o(.text)
    TIM_OC2Init                              0x080017d3   Thumb Code   154  stm32f10x_tim.o(.text)
    TIM_OC3Init                              0x0800186d   Thumb Code   150  stm32f10x_tim.o(.text)
    TIM_OC4Init                              0x08001903   Thumb Code   182  stm32f10x_tim.o(.text)
    TIM_SetIC4Prescaler                      0x080019b9   Thumb Code    26  stm32f10x_tim.o(.text)
    TIM_SetIC3Prescaler                      0x08001a55   Thumb Code    18  stm32f10x_tim.o(.text)
    TIM_SetIC2Prescaler                      0x08001ae1   Thumb Code    26  stm32f10x_tim.o(.text)
    TIM_SetIC1Prescaler                      0x08001b7d   Thumb Code    18  stm32f10x_tim.o(.text)
    TIM_ICInit                               0x08001bfb   Thumb Code   150  stm32f10x_tim.o(.text)
    TIM_PWMIConfig                           0x08001c91   Thumb Code   124  stm32f10x_tim.o(.text)
    TIM_BDTRConfig                           0x08001d0d   Thumb Code    32  stm32f10x_tim.o(.text)
    TIM_TimeBaseStructInit                   0x08001d2d   Thumb Code    18  stm32f10x_tim.o(.text)
    TIM_OCStructInit                         0x08001d3f   Thumb Code    20  stm32f10x_tim.o(.text)
    TIM_ICStructInit                         0x08001d53   Thumb Code    18  stm32f10x_tim.o(.text)
    TIM_BDTRStructInit                       0x08001d65   Thumb Code    40  stm32f10x_tim.o(.text)
    TIM_Cmd                                  0x08001d8d   Thumb Code    24  stm32f10x_tim.o(.text)
    TIM_CtrlPWMOutputs                       0x08001da5   Thumb Code    30  stm32f10x_tim.o(.text)
    TIM_ITConfig                             0x08001dc3   Thumb Code    18  stm32f10x_tim.o(.text)
    TIM_GenerateEvent                        0x08001dd5   Thumb Code     4  stm32f10x_tim.o(.text)
    TIM_DMAConfig                            0x08001dd9   Thumb Code    10  stm32f10x_tim.o(.text)
    TIM_DMACmd                               0x08001de3   Thumb Code    18  stm32f10x_tim.o(.text)
    TIM_InternalClockConfig                  0x08001df5   Thumb Code    12  stm32f10x_tim.o(.text)
    TIM_SelectInputTrigger                   0x08001e01   Thumb Code    18  stm32f10x_tim.o(.text)
    TIM_ITRxExternalClockConfig              0x08001e13   Thumb Code    24  stm32f10x_tim.o(.text)
    TIM_TIxExternalClockConfig               0x08001e2b   Thumb Code    62  stm32f10x_tim.o(.text)
    TIM_ETRConfig                            0x08001e69   Thumb Code    28  stm32f10x_tim.o(.text)
    TIM_ETRClockMode1Config                  0x08001e85   Thumb Code    54  stm32f10x_tim.o(.text)
    TIM_ETRClockMode2Config                  0x08001ebb   Thumb Code    32  stm32f10x_tim.o(.text)
    TIM_PrescalerConfig                      0x08001edb   Thumb Code     6  stm32f10x_tim.o(.text)
    TIM_CounterModeConfig                    0x08001ee1   Thumb Code    18  stm32f10x_tim.o(.text)
    TIM_EncoderInterfaceConfig               0x08001ef3   Thumb Code    66  stm32f10x_tim.o(.text)
    TIM_ForcedOC1Config                      0x08001f35   Thumb Code    18  stm32f10x_tim.o(.text)
    TIM_ForcedOC2Config                      0x08001f47   Thumb Code    26  stm32f10x_tim.o(.text)
    TIM_ForcedOC3Config                      0x08001f61   Thumb Code    18  stm32f10x_tim.o(.text)
    TIM_ForcedOC4Config                      0x08001f73   Thumb Code    26  stm32f10x_tim.o(.text)
    TIM_ARRPreloadConfig                     0x08001f8d   Thumb Code    24  stm32f10x_tim.o(.text)
    TIM_SelectCOM                            0x08001fa5   Thumb Code    24  stm32f10x_tim.o(.text)
    TIM_SelectCCDMA                          0x08001fbd   Thumb Code    24  stm32f10x_tim.o(.text)
    TIM_CCPreloadControl                     0x08001fd5   Thumb Code    24  stm32f10x_tim.o(.text)
    TIM_OC1PreloadConfig                     0x08001fed   Thumb Code    18  stm32f10x_tim.o(.text)
    TIM_OC2PreloadConfig                     0x08001fff   Thumb Code    26  stm32f10x_tim.o(.text)
    TIM_OC3PreloadConfig                     0x08002019   Thumb Code    18  stm32f10x_tim.o(.text)
    TIM_OC4PreloadConfig                     0x0800202b   Thumb Code    26  stm32f10x_tim.o(.text)
    TIM_OC1FastConfig                        0x08002045   Thumb Code    18  stm32f10x_tim.o(.text)
    TIM_OC2FastConfig                        0x08002057   Thumb Code    26  stm32f10x_tim.o(.text)
    TIM_OC3FastConfig                        0x08002071   Thumb Code    18  stm32f10x_tim.o(.text)
    TIM_OC4FastConfig                        0x08002083   Thumb Code    26  stm32f10x_tim.o(.text)
    TIM_ClearOC1Ref                          0x0800209d   Thumb Code    18  stm32f10x_tim.o(.text)
    TIM_ClearOC2Ref                          0x080020af   Thumb Code    24  stm32f10x_tim.o(.text)
    TIM_ClearOC3Ref                          0x080020c7   Thumb Code    18  stm32f10x_tim.o(.text)
    TIM_ClearOC4Ref                          0x080020d9   Thumb Code    24  stm32f10x_tim.o(.text)
    TIM_OC1PolarityConfig                    0x080020f1   Thumb Code    18  stm32f10x_tim.o(.text)
    TIM_OC1NPolarityConfig                   0x08002103   Thumb Code    18  stm32f10x_tim.o(.text)
    TIM_OC2PolarityConfig                    0x08002115   Thumb Code    26  stm32f10x_tim.o(.text)
    TIM_OC2NPolarityConfig                   0x0800212f   Thumb Code    26  stm32f10x_tim.o(.text)
    TIM_OC3PolarityConfig                    0x08002149   Thumb Code    26  stm32f10x_tim.o(.text)
    TIM_OC3NPolarityConfig                   0x08002163   Thumb Code    26  stm32f10x_tim.o(.text)
    TIM_OC4PolarityConfig                    0x0800217d   Thumb Code    26  stm32f10x_tim.o(.text)
    TIM_CCxCmd                               0x08002197   Thumb Code    30  stm32f10x_tim.o(.text)
    TIM_CCxNCmd                              0x080021b5   Thumb Code    30  stm32f10x_tim.o(.text)
    TIM_SelectOCxM                           0x080021d3   Thumb Code    82  stm32f10x_tim.o(.text)
    TIM_UpdateDisableConfig                  0x08002225   Thumb Code    24  stm32f10x_tim.o(.text)
    TIM_UpdateRequestConfig                  0x0800223d   Thumb Code    24  stm32f10x_tim.o(.text)
    TIM_SelectHallSensor                     0x08002255   Thumb Code    24  stm32f10x_tim.o(.text)
    TIM_SelectOnePulseMode                   0x0800226d   Thumb Code    18  stm32f10x_tim.o(.text)
    TIM_SelectOutputTrigger                  0x0800227f   Thumb Code    18  stm32f10x_tim.o(.text)
    TIM_SelectSlaveMode                      0x08002291   Thumb Code    18  stm32f10x_tim.o(.text)
    TIM_SelectMasterSlaveMode                0x080022a3   Thumb Code    18  stm32f10x_tim.o(.text)
    TIM_SetCounter                           0x080022b5   Thumb Code     4  stm32f10x_tim.o(.text)
    TIM_SetAutoreload                        0x080022b9   Thumb Code     4  stm32f10x_tim.o(.text)
    TIM_SetCompare1                          0x080022bd   Thumb Code     4  stm32f10x_tim.o(.text)
    TIM_SetCompare2                          0x080022c1   Thumb Code     4  stm32f10x_tim.o(.text)
    TIM_SetCompare3                          0x080022c5   Thumb Code     4  stm32f10x_tim.o(.text)
    TIM_SetCompare4                          0x080022c9   Thumb Code     6  stm32f10x_tim.o(.text)
    TIM_SetClockDivision                     0x080022cf   Thumb Code    18  stm32f10x_tim.o(.text)
    TIM_GetCapture1                          0x080022e1   Thumb Code     6  stm32f10x_tim.o(.text)
    TIM_GetCapture2                          0x080022e7   Thumb Code     6  stm32f10x_tim.o(.text)
    TIM_GetCapture3                          0x080022ed   Thumb Code     6  stm32f10x_tim.o(.text)
    TIM_GetCapture4                          0x080022f3   Thumb Code     8  stm32f10x_tim.o(.text)
    TIM_GetCounter                           0x080022fb   Thumb Code     6  stm32f10x_tim.o(.text)
    TIM_GetPrescaler                         0x08002301   Thumb Code     6  stm32f10x_tim.o(.text)
    TIM_GetFlagStatus                        0x08002307   Thumb Code    18  stm32f10x_tim.o(.text)
    TIM_ClearFlag                            0x08002319   Thumb Code     6  stm32f10x_tim.o(.text)
    TIM_GetITStatus                          0x0800231f   Thumb Code    34  stm32f10x_tim.o(.text)
    TIM_ClearITPendingBit                    0x08002341   Thumb Code     6  stm32f10x_tim.o(.text)
    USART_DeInit                             0x08002349   Thumb Code   134  stm32f10x_usart.o(.text)
    USART_Init                               0x080023cf   Thumb Code   210  stm32f10x_usart.o(.text)
    USART_StructInit                         0x080024a1   Thumb Code    24  stm32f10x_usart.o(.text)
    USART_ClockInit                          0x080024b9   Thumb Code    34  stm32f10x_usart.o(.text)
    USART_ClockStructInit                    0x080024db   Thumb Code    12  stm32f10x_usart.o(.text)
    USART_Cmd                                0x080024e7   Thumb Code    24  stm32f10x_usart.o(.text)
    USART_ITConfig                           0x080024ff   Thumb Code    74  stm32f10x_usart.o(.text)
    USART_DMACmd                             0x08002549   Thumb Code    18  stm32f10x_usart.o(.text)
    USART_SetAddress                         0x0800255b   Thumb Code    18  stm32f10x_usart.o(.text)
    USART_WakeUpConfig                       0x0800256d   Thumb Code    18  stm32f10x_usart.o(.text)
    USART_ReceiverWakeUpCmd                  0x0800257f   Thumb Code    24  stm32f10x_usart.o(.text)
    USART_LINBreakDetectLengthConfig         0x08002597   Thumb Code    18  stm32f10x_usart.o(.text)
    USART_LINCmd                             0x080025a9   Thumb Code    24  stm32f10x_usart.o(.text)
    USART_SendData                           0x080025c1   Thumb Code     8  stm32f10x_usart.o(.text)
    USART_ReceiveData                        0x080025c9   Thumb Code    10  stm32f10x_usart.o(.text)
    USART_SendBreak                          0x080025d3   Thumb Code    10  stm32f10x_usart.o(.text)
    USART_SetGuardTime                       0x080025dd   Thumb Code    16  stm32f10x_usart.o(.text)
    USART_SetPrescaler                       0x080025ed   Thumb Code    16  stm32f10x_usart.o(.text)
    USART_SmartCardCmd                       0x080025fd   Thumb Code    24  stm32f10x_usart.o(.text)
    USART_SmartCardNACKCmd                   0x08002615   Thumb Code    24  stm32f10x_usart.o(.text)
    USART_HalfDuplexCmd                      0x0800262d   Thumb Code    24  stm32f10x_usart.o(.text)
    USART_OverSampling8Cmd                   0x08002645   Thumb Code    22  stm32f10x_usart.o(.text)
    USART_OneBitMethodCmd                    0x0800265b   Thumb Code    24  stm32f10x_usart.o(.text)
    USART_IrDAConfig                         0x08002673   Thumb Code    18  stm32f10x_usart.o(.text)
    USART_IrDACmd                            0x08002685   Thumb Code    24  stm32f10x_usart.o(.text)
    USART_GetFlagStatus                      0x0800269d   Thumb Code    26  stm32f10x_usart.o(.text)
    USART_ClearFlag                          0x080026b7   Thumb Code    18  stm32f10x_usart.o(.text)
    USART_GetITStatus                        0x080026c9   Thumb Code    84  stm32f10x_usart.o(.text)
    USART_ClearITPendingBit                  0x0800271d   Thumb Code    52  stm32f10x_usart.o(.text)
    NVIC_PriorityGroupConfig                 0x08002751   Thumb Code    10  misc.o(.text)
    NVIC_Init                                0x0800275b   Thumb Code   102  misc.o(.text)
    NVIC_SetVectorTable                      0x080027c1   Thumb Code    14  misc.o(.text)
    NVIC_SystemLPConfig                      0x080027cf   Thumb Code    34  misc.o(.text)
    SysTick_CLKSourceConfig                  0x080027f1   Thumb Code    40  misc.o(.text)
    GPIO_DeInit                              0x0800282d   Thumb Code   172  stm32f10x_gpio.o(.text)
    GPIO_AFIODeInit                          0x080028d9   Thumb Code    20  stm32f10x_gpio.o(.text)
    GPIO_Init                                0x080028ed   Thumb Code   274  stm32f10x_gpio.o(.text)
    GPIO_StructInit                          0x080029ff   Thumb Code    16  stm32f10x_gpio.o(.text)
    GPIO_ReadInputDataBit                    0x08002a0f   Thumb Code    18  stm32f10x_gpio.o(.text)
    GPIO_ReadInputData                       0x08002a21   Thumb Code     8  stm32f10x_gpio.o(.text)
    GPIO_ReadOutputDataBit                   0x08002a29   Thumb Code    18  stm32f10x_gpio.o(.text)
    GPIO_ReadOutputData                      0x08002a3b   Thumb Code     8  stm32f10x_gpio.o(.text)
    GPIO_SetBits                             0x08002a43   Thumb Code     4  stm32f10x_gpio.o(.text)
    GPIO_ResetBits                           0x08002a47   Thumb Code     4  stm32f10x_gpio.o(.text)
    GPIO_WriteBit                            0x08002a4b   Thumb Code    10  stm32f10x_gpio.o(.text)
    GPIO_Write                               0x08002a55   Thumb Code     4  stm32f10x_gpio.o(.text)
    GPIO_PinLockConfig                       0x08002a59   Thumb Code    18  stm32f10x_gpio.o(.text)
    GPIO_EventOutputConfig                   0x08002a6b   Thumb Code    26  stm32f10x_gpio.o(.text)
    GPIO_EventOutputCmd                      0x08002a85   Thumb Code     6  stm32f10x_gpio.o(.text)
    GPIO_PinRemapConfig                      0x08002a8b   Thumb Code   138  stm32f10x_gpio.o(.text)
    GPIO_EXTILineConfig                      0x08002b15   Thumb Code    66  stm32f10x_gpio.o(.text)
    GPIO_ETH_MediaInterfaceConfig            0x08002b57   Thumb Code     6  stm32f10x_gpio.o(.text)
    RCC_DeInit                               0x08002b85   Thumb Code    64  stm32f10x_rcc.o(.text)
    RCC_HSEConfig                            0x08002bc5   Thumb Code    70  stm32f10x_rcc.o(.text)
    RCC_GetFlagStatus                        0x08002c0b   Thumb Code    56  stm32f10x_rcc.o(.text)
    RCC_WaitForHSEStartUp                    0x08002c43   Thumb Code    56  stm32f10x_rcc.o(.text)
    RCC_AdjustHSICalibrationValue            0x08002c7b   Thumb Code    20  stm32f10x_rcc.o(.text)
    RCC_HSICmd                               0x08002c8f   Thumb Code     6  stm32f10x_rcc.o(.text)
    RCC_PLLConfig                            0x08002c95   Thumb Code    24  stm32f10x_rcc.o(.text)
    RCC_PLLCmd                               0x08002cad   Thumb Code     6  stm32f10x_rcc.o(.text)
    RCC_SYSCLKConfig                         0x08002cb3   Thumb Code    18  stm32f10x_rcc.o(.text)
    RCC_GetSYSCLKSource                      0x08002cc5   Thumb Code    10  stm32f10x_rcc.o(.text)
    RCC_HCLKConfig                           0x08002ccf   Thumb Code    18  stm32f10x_rcc.o(.text)
    RCC_PCLK1Config                          0x08002ce1   Thumb Code    18  stm32f10x_rcc.o(.text)
    RCC_PCLK2Config                          0x08002cf3   Thumb Code    20  stm32f10x_rcc.o(.text)
    RCC_ITConfig                             0x08002d07   Thumb Code    26  stm32f10x_rcc.o(.text)
    RCC_USBCLKConfig                         0x08002d21   Thumb Code     6  stm32f10x_rcc.o(.text)
    RCC_ADCCLKConfig                         0x08002d27   Thumb Code    18  stm32f10x_rcc.o(.text)
    RCC_LSEConfig                            0x08002d39   Thumb Code    44  stm32f10x_rcc.o(.text)
    RCC_LSICmd                               0x08002d65   Thumb Code     6  stm32f10x_rcc.o(.text)
    RCC_RTCCLKConfig                         0x08002d6b   Thumb Code    12  stm32f10x_rcc.o(.text)
    RCC_RTCCLKCmd                            0x08002d77   Thumb Code     8  stm32f10x_rcc.o(.text)
    RCC_GetClocksFreq                        0x08002d7f   Thumb Code   192  stm32f10x_rcc.o(.text)
    RCC_AHBPeriphClockCmd                    0x08002e3f   Thumb Code    26  stm32f10x_rcc.o(.text)
    RCC_APB2PeriphClockCmd                   0x08002e59   Thumb Code    26  stm32f10x_rcc.o(.text)
    RCC_APB1PeriphClockCmd                   0x08002e73   Thumb Code    26  stm32f10x_rcc.o(.text)
    RCC_APB2PeriphResetCmd                   0x08002e8d   Thumb Code    26  stm32f10x_rcc.o(.text)
    RCC_APB1PeriphResetCmd                   0x08002ea7   Thumb Code    26  stm32f10x_rcc.o(.text)
    RCC_BackupResetCmd                       0x08002ec1   Thumb Code     8  stm32f10x_rcc.o(.text)
    RCC_ClockSecuritySystemCmd               0x08002ec9   Thumb Code     6  stm32f10x_rcc.o(.text)
    RCC_MCOConfig                            0x08002ecf   Thumb Code     6  stm32f10x_rcc.o(.text)
    RCC_ClearFlag                            0x08002ed5   Thumb Code    14  stm32f10x_rcc.o(.text)
    RCC_GetITStatus                          0x08002ee3   Thumb Code    20  stm32f10x_rcc.o(.text)
    RCC_ClearITPendingBit                    0x08002ef7   Thumb Code     6  stm32f10x_rcc.o(.text)
    Reset_Handler                            0x08002f29   Thumb Code     8  startup_stm32f10x_md.o(.text)
    ADC1_2_IRQHandler                        0x08002f43   Thumb Code     0  startup_stm32f10x_md.o(.text)
    CAN1_RX1_IRQHandler                      0x08002f43   Thumb Code     0  startup_stm32f10x_md.o(.text)
    CAN1_SCE_IRQHandler                      0x08002f43   Thumb Code     0  startup_stm32f10x_md.o(.text)
    DMA1_Channel1_IRQHandler                 0x08002f43   Thumb Code     0  startup_stm32f10x_md.o(.text)
    DMA1_Channel2_IRQHandler                 0x08002f43   Thumb Code     0  startup_stm32f10x_md.o(.text)
    DMA1_Channel3_IRQHandler                 0x08002f43   Thumb Code     0  startup_stm32f10x_md.o(.text)
    DMA1_Channel4_IRQHandler                 0x08002f43   Thumb Code     0  startup_stm32f10x_md.o(.text)
    DMA1_Channel5_IRQHandler                 0x08002f43   Thumb Code     0  startup_stm32f10x_md.o(.text)
    DMA1_Channel6_IRQHandler                 0x08002f43   Thumb Code     0  startup_stm32f10x_md.o(.text)
    DMA1_Channel7_IRQHandler                 0x08002f43   Thumb Code     0  startup_stm32f10x_md.o(.text)
    EXTI0_IRQHandler                         0x08002f43   Thumb Code     0  startup_stm32f10x_md.o(.text)
    EXTI15_10_IRQHandler                     0x08002f43   Thumb Code     0  startup_stm32f10x_md.o(.text)
    EXTI1_IRQHandler                         0x08002f43   Thumb Code     0  startup_stm32f10x_md.o(.text)
    EXTI2_IRQHandler                         0x08002f43   Thumb Code     0  startup_stm32f10x_md.o(.text)
    EXTI3_IRQHandler                         0x08002f43   Thumb Code     0  startup_stm32f10x_md.o(.text)
    EXTI4_IRQHandler                         0x08002f43   Thumb Code     0  startup_stm32f10x_md.o(.text)
    EXTI9_5_IRQHandler                       0x08002f43   Thumb Code     0  startup_stm32f10x_md.o(.text)
    FLASH_IRQHandler                         0x08002f43   Thumb Code     0  startup_stm32f10x_md.o(.text)
    I2C1_ER_IRQHandler                       0x08002f43   Thumb Code     0  startup_stm32f10x_md.o(.text)
    I2C1_EV_IRQHandler                       0x08002f43   Thumb Code     0  startup_stm32f10x_md.o(.text)
    I2C2_ER_IRQHandler                       0x08002f43   Thumb Code     0  startup_stm32f10x_md.o(.text)
    I2C2_EV_IRQHandler                       0x08002f43   Thumb Code     0  startup_stm32f10x_md.o(.text)
    PVD_IRQHandler                           0x08002f43   Thumb Code     0  startup_stm32f10x_md.o(.text)
    RCC_IRQHandler                           0x08002f43   Thumb Code     0  startup_stm32f10x_md.o(.text)
    RTCAlarm_IRQHandler                      0x08002f43   Thumb Code     0  startup_stm32f10x_md.o(.text)
    RTC_IRQHandler                           0x08002f43   Thumb Code     0  startup_stm32f10x_md.o(.text)
    SPI1_IRQHandler                          0x08002f43   Thumb Code     0  startup_stm32f10x_md.o(.text)
    SPI2_IRQHandler                          0x08002f43   Thumb Code     0  startup_stm32f10x_md.o(.text)
    TAMPER_IRQHandler                        0x08002f43   Thumb Code     0  startup_stm32f10x_md.o(.text)
    TIM1_BRK_IRQHandler                      0x08002f43   Thumb Code     0  startup_stm32f10x_md.o(.text)
    TIM1_CC_IRQHandler                       0x08002f43   Thumb Code     0  startup_stm32f10x_md.o(.text)
    TIM1_TRG_COM_IRQHandler                  0x08002f43   Thumb Code     0  startup_stm32f10x_md.o(.text)
    TIM1_UP_IRQHandler                       0x08002f43   Thumb Code     0  startup_stm32f10x_md.o(.text)
    TIM2_IRQHandler                          0x08002f43   Thumb Code     0  startup_stm32f10x_md.o(.text)
    TIM3_IRQHandler                          0x08002f43   Thumb Code     0  startup_stm32f10x_md.o(.text)
    TIM4_IRQHandler                          0x08002f43   Thumb Code     0  startup_stm32f10x_md.o(.text)
    USART2_IRQHandler                        0x08002f43   Thumb Code     0  startup_stm32f10x_md.o(.text)
    USART3_IRQHandler                        0x08002f43   Thumb Code     0  startup_stm32f10x_md.o(.text)
    USBWakeUp_IRQHandler                     0x08002f43   Thumb Code     0  startup_stm32f10x_md.o(.text)
    USB_HP_CAN1_TX_IRQHandler                0x08002f43   Thumb Code     0  startup_stm32f10x_md.o(.text)
    USB_LP_CAN1_RX0_IRQHandler               0x08002f43   Thumb Code     0  startup_stm32f10x_md.o(.text)
    WWDG_IRQHandler                          0x08002f43   Thumb Code     0  startup_stm32f10x_md.o(.text)
    ADC_DeInit                               0x08002f4d   Thumb Code    78  stm32f10x_adc.o(.text)
    ADC_Init                                 0x08002f9b   Thumb Code    70  stm32f10x_adc.o(.text)
    ADC_StructInit                           0x08002fe1   Thumb Code    18  stm32f10x_adc.o(.text)
    ADC_Cmd                                  0x08002ff3   Thumb Code    22  stm32f10x_adc.o(.text)
    ADC_DMACmd                               0x08003009   Thumb Code    22  stm32f10x_adc.o(.text)
    ADC_ITConfig                             0x0800301f   Thumb Code    24  stm32f10x_adc.o(.text)
    ADC_ResetCalibration                     0x08003037   Thumb Code    10  stm32f10x_adc.o(.text)
    ADC_GetResetCalibrationStatus            0x08003041   Thumb Code    20  stm32f10x_adc.o(.text)
    ADC_StartCalibration                     0x08003055   Thumb Code    10  stm32f10x_adc.o(.text)
    ADC_GetCalibrationStatus                 0x0800305f   Thumb Code    20  stm32f10x_adc.o(.text)
    ADC_SoftwareStartConvCmd                 0x08003073   Thumb Code    22  stm32f10x_adc.o(.text)
    ADC_GetSoftwareStartConvStatus           0x08003089   Thumb Code    20  stm32f10x_adc.o(.text)
    ADC_DiscModeChannelCountConfig           0x0800309d   Thumb Code    24  stm32f10x_adc.o(.text)
    ADC_DiscModeCmd                          0x080030b5   Thumb Code    22  stm32f10x_adc.o(.text)
    ADC_RegularChannelConfig                 0x080030cb   Thumb Code   184  stm32f10x_adc.o(.text)
    ADC_ExternalTrigConvCmd                  0x08003183   Thumb Code    22  stm32f10x_adc.o(.text)
    ADC_GetConversionValue                   0x08003199   Thumb Code     8  stm32f10x_adc.o(.text)
    ADC_GetDualModeConversionValue           0x080031a1   Thumb Code     8  stm32f10x_adc.o(.text)
    ADC_AutoInjectedConvCmd                  0x080031a9   Thumb Code    22  stm32f10x_adc.o(.text)
    ADC_InjectedDiscModeCmd                  0x080031bf   Thumb Code    22  stm32f10x_adc.o(.text)
    ADC_ExternalTrigInjectedConvConfig       0x080031d5   Thumb Code    16  stm32f10x_adc.o(.text)
    ADC_ExternalTrigInjectedConvCmd          0x080031e5   Thumb Code    22  stm32f10x_adc.o(.text)
    ADC_SoftwareStartInjectedConvCmd         0x080031fb   Thumb Code    22  stm32f10x_adc.o(.text)
    ADC_GetSoftwareStartInjectedConvCmdStatus 0x08003211   Thumb Code    20  stm32f10x_adc.o(.text)
    ADC_InjectedChannelConfig                0x08003225   Thumb Code   130  stm32f10x_adc.o(.text)
    ADC_InjectedSequencerLengthConfig        0x080032a7   Thumb Code    24  stm32f10x_adc.o(.text)
    ADC_SetInjectedOffset                    0x080032bf   Thumb Code    20  stm32f10x_adc.o(.text)
    ADC_GetInjectedConversionValue           0x080032d3   Thumb Code    28  stm32f10x_adc.o(.text)
    ADC_AnalogWatchdogCmd                    0x080032ef   Thumb Code    16  stm32f10x_adc.o(.text)
    ADC_AnalogWatchdogThresholdsConfig       0x080032ff   Thumb Code     6  stm32f10x_adc.o(.text)
    ADC_AnalogWatchdogSingleChannelConfig    0x08003305   Thumb Code    16  stm32f10x_adc.o(.text)
    ADC_TempSensorVrefintCmd                 0x08003315   Thumb Code    64  stm32f10x_adc.o(.text)
    ADC_GetFlagStatus                        0x08003355   Thumb Code    18  stm32f10x_adc.o(.text)
    ADC_ClearFlag                            0x08003367   Thumb Code     6  stm32f10x_adc.o(.text)
    ADC_GetITStatus                          0x0800336d   Thumb Code    36  stm32f10x_adc.o(.text)
    ADC_ClearITPendingBit                    0x08003391   Thumb Code    10  stm32f10x_adc.o(.text)
    FLASH_SetLatency                         0x0800339d   Thumb Code    18  stm32f10x_flash.o(.text)
    FLASH_HalfCycleAccessCmd                 0x080033af   Thumb Code    22  stm32f10x_flash.o(.text)
    FLASH_PrefetchBufferCmd                  0x080033c5   Thumb Code    22  stm32f10x_flash.o(.text)
    FLASH_Unlock                             0x080033db   Thumb Code    12  stm32f10x_flash.o(.text)
    FLASH_UnlockBank1                        0x080033e7   Thumb Code    12  stm32f10x_flash.o(.text)
    FLASH_Lock                               0x080033f3   Thumb Code    14  stm32f10x_flash.o(.text)
    FLASH_LockBank1                          0x08003401   Thumb Code    14  stm32f10x_flash.o(.text)
    FLASH_GetBank1Status                     0x0800340f   Thumb Code    48  stm32f10x_flash.o(.text)
    FLASH_WaitForLastOperation               0x0800343f   Thumb Code    38  stm32f10x_flash.o(.text)
    FLASH_ErasePage                          0x08003465   Thumb Code    72  stm32f10x_flash.o(.text)
    FLASH_EraseAllPages                      0x080034ad   Thumb Code    68  stm32f10x_flash.o(.text)
    FLASH_WaitForLastBank1Operation          0x080034f1   Thumb Code    38  stm32f10x_flash.o(.text)
    FLASH_EraseAllBank1Pages                 0x08003517   Thumb Code    68  stm32f10x_flash.o(.text)
    FLASH_GetReadOutProtectionStatus         0x0800355b   Thumb Code    20  stm32f10x_flash.o(.text)
    FLASH_EraseOptionBytes                   0x0800356f   Thumb Code   150  stm32f10x_flash.o(.text)
    FLASH_ProgramWord                        0x08003605   Thumb Code   102  stm32f10x_flash.o(.text)
    FLASH_ProgramHalfWord                    0x0800366b   Thumb Code    60  stm32f10x_flash.o(.text)
    FLASH_ProgramOptionByteData              0x080036a7   Thumb Code    72  stm32f10x_flash.o(.text)
    FLASH_EnableWriteProtection              0x080036ef   Thumb Code   200  stm32f10x_flash.o(.text)
    FLASH_ReadOutProtection                  0x080037b7   Thumb Code   156  stm32f10x_flash.o(.text)
    FLASH_UserOptionByteConfig               0x08003853   Thumb Code    88  stm32f10x_flash.o(.text)
    FLASH_GetUserOptionByte                  0x080038ab   Thumb Code     8  stm32f10x_flash.o(.text)
    FLASH_GetWriteProtectionOptionByte       0x080038b3   Thumb Code     6  stm32f10x_flash.o(.text)
    FLASH_GetPrefetchBufferStatus            0x080038b9   Thumb Code    20  stm32f10x_flash.o(.text)
    FLASH_ITConfig                           0x080038cd   Thumb Code    26  stm32f10x_flash.o(.text)
    FLASH_GetFlagStatus                      0x080038e7   Thumb Code    42  stm32f10x_flash.o(.text)
    FLASH_ClearFlag                          0x08003911   Thumb Code     6  stm32f10x_flash.o(.text)
    FLASH_GetStatus                          0x08003917   Thumb Code    48  stm32f10x_flash.o(.text)
    DMA_DeInit                               0x08003959   Thumb Code   324  stm32f10x_dma.o(.text)
    DMA_Init                                 0x08003a9d   Thumb Code    60  stm32f10x_dma.o(.text)
    DMA_StructInit                           0x08003ad9   Thumb Code    26  stm32f10x_dma.o(.text)
    DMA_Cmd                                  0x08003af3   Thumb Code    24  stm32f10x_dma.o(.text)
    DMA_ITConfig                             0x08003b0b   Thumb Code    18  stm32f10x_dma.o(.text)
    DMA_SetCurrDataCounter                   0x08003b1d   Thumb Code     4  stm32f10x_dma.o(.text)
    DMA_GetCurrDataCounter                   0x08003b21   Thumb Code     8  stm32f10x_dma.o(.text)
    DMA_GetFlagStatus                        0x08003b29   Thumb Code    38  stm32f10x_dma.o(.text)
    DMA_ClearFlag                            0x08003b4f   Thumb Code    22  stm32f10x_dma.o(.text)
    DMA_GetITStatus                          0x08003b65   Thumb Code    38  stm32f10x_dma.o(.text)
    DMA_ClearITPendingBit                    0x08003b8b   Thumb Code    22  stm32f10x_dma.o(.text)
    __aeabi_fadd                             0x08003ba9   Thumb Code   164  fadd.o(.text)
    __aeabi_fsub                             0x08003c4d   Thumb Code     6  fadd.o(.text)
    __aeabi_frsub                            0x08003c53   Thumb Code     6  fadd.o(.text)
    __aeabi_fmul                             0x08003c59   Thumb Code   108  fmul.o(.text)
    __aeabi_fdiv                             0x08003cc5   Thumb Code   128  fdiv.o(.text)
    __aeabi_i2f                              0x08003d45   Thumb Code    18  fflti.o(.text)
    __aeabi_ui2f                             0x08003d57   Thumb Code    10  ffltui.o(.text)
    __aeabi_f2iz                             0x08003d61   Thumb Code    50  ffixi.o(.text)
    __aeabi_cfcmpeq                          0x08003d95   Thumb Code     0  cfcmple.o(.text)
    __aeabi_cfcmple                          0x08003d95   Thumb Code    20  cfcmple.o(.text)
    __aeabi_cfrcmple                         0x08003da9   Thumb Code    20  cfrcmple.o(.text)
    __I$use$fp                               0x08003dbd   Thumb Code     0  iusefp.o(.text)
    _float_round                             0x08003dbd   Thumb Code    18  fepilogue.o(.text)
    _float_epilogue                          0x08003dcf   Thumb Code    90  fepilogue.o(.text)
    __scatterload                            0x08003e29   Thumb Code    28  init.o(.text)
    __scatterload_rt2                        0x08003e29   Thumb Code     0  init.o(.text)
    __scatterload_copy                       0x08003e4d   Thumb Code    14  handlers.o(i.__scatterload_copy)
    __scatterload_null                       0x08003e5b   Thumb Code     2  handlers.o(i.__scatterload_null)
    __scatterload_zeroinit                   0x08003e5d   Thumb Code    14  handlers.o(i.__scatterload_zeroinit)
    Region$$Table$$Base                      0x08003e6c   Number         0  anon$$obj.o(Region$$Table)
    Region$$Table$$Limit                     0x08003e8c   Number         0  anon$$obj.o(Region$$Table)
    GPIO_InitStructure                       0x20000000   Data           4  common.o(.data)
    NVIC_InitStructure                       0x20000004   Data           4  common.o(.data)
    EXTI_InitStructure                       0x20000008   Data           8  common.o(.data)
    SystemCoreClock                          0x20000010   Data           4  system_stm32f10x.o(.data)
    AHBPrescTable                            0x20000014   Data          16  system_stm32f10x.o(.data)
    sen_weight                               0x20000024   Data           8  control.o(.data)
    E                                        0x2000002c   Data           4  control.o(.data)
    E_old                                    0x20000030   Data           4  control.o(.data)
    left_control                             0x20000034   Data           4  control.o(.data)
    right_control                            0x20000038   Data           4  control.o(.data)
    err_cur                                  0x2000003c   Data           4  control.o(.data)
    err_old                                  0x20000040   Data           4  control.o(.data)
    err_del                                  0x20000044   Data           4  control.o(.data)
    err_sum                                  0x20000048   Data           4  control.o(.data)
    Kp_LINE                                  0x2000004c   Data          12  control.o(.data)
    Ki_LINE                                  0x20000058   Data          12  control.o(.data)
    Kd_LINE                                  0x20000064   Data          12  control.o(.data)
    PID_flag                                 0x20000070   Data           1  control.o(.data)
    v_trackline                              0x20000072   Data           2  control.o(.data)
    mode_run                                 0x20000074   Data           1  control.o(.data)
    num                                      0x20000078   Data           2  led.o(.data)
    num_old                                  0x2000007a   Data           2  led.o(.data)
    unit                                     0x2000007c   Data           1  led.o(.data)
    ten                                      0x2000007d   Data           1  led.o(.data)
    hundred                                  0x2000007e   Data           1  led.o(.data)
    thousand                                 0x2000007f   Data           1  led.o(.data)
    PrescalerValue                           0x20000080   Data           2  motor.o(.data)
    cnt0                                     0x20000082   Data           2  systick.o(.data)
    cnt1                                     0x20000084   Data           2  systick.o(.data)
    led_cnt                                  0x20000086   Data           2  systick.o(.data)
    display_flag                             0x20000088   Data           1  systick.o(.data)
    RxCounter                                0x2000008a   Data           1  uart.o(.data)
    RxLength                                 0x2000008b   Data           1  uart.o(.data)
    TxCounter                                0x2000008c   Data           1  uart.o(.data)
    TxLength                                 0x2000008d   Data           1  uart.o(.data)
    PackedLength                             0x2000008e   Data           2  uart.o(.data)
    RxPackedIncomeFlag                       0x20000090   Data           1  uart.o(.data)
    TxSendingFlag                            0x20000091   Data           1  uart.o(.data)
    data_uart                                0x20000092   Data           1  uart.o(.data)
    sensor                                   0x20000093   Data           1  adc.o(.data)
    sensor_disp                              0x20000094   Data           1  adc.o(.data)
    sensor_temp                              0x20000095   Data           3  adc.o(.data)
    l4                                       0x20000098   Data           1  adc.o(.data)
    l3                                       0x20000099   Data           1  adc.o(.data)
    l2                                       0x2000009a   Data           1  adc.o(.data)
    l1                                       0x2000009b   Data           1  adc.o(.data)
    r1                                       0x2000009c   Data           1  adc.o(.data)
    r2                                       0x2000009d   Data           1  adc.o(.data)
    r3                                       0x2000009e   Data           1  adc.o(.data)
    r4                                       0x2000009f   Data           1  adc.o(.data)
    sen_sum                                  0x200000a0   Data           1  adc.o(.data)
    sen_left                                 0x200000a1   Data           1  adc.o(.data)
    sen_right                                0x200000a2   Data           1  adc.o(.data)
    EraseCounter                             0x200000a4   Data           4  flash.o(.data)
    Address                                  0x200000a8   Data           4  flash.o(.data)
    NbrOfPage                                0x200000ac   Data           4  flash.o(.data)
    FLASHStatus                              0x200000b0   Data           1  flash.o(.data)
    MemoryProgramStatus                      0x200000b1   Data           1  flash.o(.data)
    USART_InitStructure                      0x200000c8   Data          16  common.o(.bss)
    TIM_TimeBaseStructure                    0x200000d8   Data          10  common.o(.bss)
    TIM_OCInitStructure                      0x200000e2   Data          16  common.o(.bss)
    SPI_InitStructure                        0x200000f2   Data          18  common.o(.bss)
    I2C_InitStructure                        0x20000104   Data          16  common.o(.bss)
    TxBuffer                                 0x20000114   Data         250  uart.o(.bss)
    RxBuffer                                 0x2000020e   Data         250  uart.o(.bss)
    ADC_Val                                  0x20000308   Data          16  adc.o(.bss)
    ADC_High_Val                             0x20000318   Data          16  adc.o(.bss)
    ADC_Low_Val                              0x20000328   Data          16  adc.o(.bss)
    ADC_Sample_Val                           0x20000338   Data          16  adc.o(.bss)
    ADC_Distance                             0x20000348   Data          16  adc.o(.bss)
    ADC_Temp0                                0x20000358   Data          16  adc.o(.bss)
    ADC_Temp1                                0x20000368   Data          16  adc.o(.bss)
    ADC_Temp2                                0x20000378   Data          16  adc.o(.bss)
    flash_data                               0x20000388   Data         200  flash.o(.bss)
    __initial_sp                             0x20000850   Data           0  startup_stm32f10x_md.o(STACK)



==============================================================================

Memory Map of the image

  Image Entry point : 0x080000ed

  Load Region LR_IROM1 (Base: 0x08000000, Size: 0x00003f54, Max: 0x00010000, ABSOLUTE)

    Execution Region ER_IROM1 (Base: 0x08000000, Size: 0x00003e8c, Max: 0x00010000, ABSOLUTE)

    Base Addr    Size         Type   Attr      Idx    E Section Name        Object

    0x08000000   0x000000ec   Data   RO          472    RESET               startup_stm32f10x_md.o
    0x080000ec   0x00000000   Code   RO          513  * .ARM.Collect$$$$00000000  mc_w.l(entry.o)
    0x080000ec   0x00000004   Code   RO          532    .ARM.Collect$$$$00000001  mc_w.l(entry2.o)
    0x080000f0   0x00000004   Code   RO          535    .ARM.Collect$$$$00000004  mc_w.l(entry5.o)
    0x080000f4   0x00000000   Code   RO          537    .ARM.Collect$$$$00000008  mc_w.l(entry7b.o)
    0x080000f4   0x00000000   Code   RO          539    .ARM.Collect$$$$0000000A  mc_w.l(entry8b.o)
    0x080000f4   0x00000008   Code   RO          540    .ARM.Collect$$$$0000000B  mc_w.l(entry9a.o)
    0x080000fc   0x00000000   Code   RO          542    .ARM.Collect$$$$0000000D  mc_w.l(entry10a.o)
    0x080000fc   0x00000000   Code   RO          544    .ARM.Collect$$$$0000000F  mc_w.l(entry11a.o)
    0x080000fc   0x00000004   Code   RO          533    .ARM.Collect$$$$00002712  mc_w.l(entry2.o)
    0x08000100   0x000000a8   Code   RO          102    .text               main.o
    0x080001a8   0x00000018   Code   RO          158    .text               stm32f10x_it.o
    0x080001c0   0x000001dc   Code   RO          173    .text               system_stm32f10x.o
    0x0800039c   0x0000042c   Code   RO          191    .text               control.o
    0x080007c8   0x00000230   Code   RO          230    .text               led.o
    0x080009f8   0x00000198   Code   RO          252    .text               motor.o
    0x08000b90   0x000000e8   Code   RO          267    .text               systick.o
    0x08000c78   0x0000018c   Code   RO          297    .text               uart.o
    0x08000e04   0x00000088   Code   RO          316    .text               buzzer.o
    0x08000e8c   0x00000530   Code   RO          328    .text               adc.o
    0x080013bc   0x00000110   Code   RO          354    .text               flash.o
    0x080014cc   0x00000060   Code   RO          373    .text               input.o
    0x0800152c   0x00000e1a   Code   RO          385    .text               stm32f10x_tim.o
    0x08002346   0x00000002   PAD
    0x08002348   0x00000408   Code   RO          397    .text               stm32f10x_usart.o
    0x08002750   0x000000dc   Code   RO          409    .text               misc.o
    0x0800282c   0x00000358   Code   RO          433    .text               stm32f10x_gpio.o
    0x08002b84   0x000003a4   Code   RO          445    .text               stm32f10x_rcc.o
    0x08002f28   0x00000024   Code   RO          473    .text               startup_stm32f10x_md.o
    0x08002f4c   0x0000044e   Code   RO          477    .text               stm32f10x_adc.o
    0x0800339a   0x00000002   PAD
    0x0800339c   0x000005bc   Code   RO          489    .text               stm32f10x_flash.o
    0x08003958   0x00000250   Code   RO          501    .text               stm32f10x_dma.o
    0x08003ba8   0x000000b0   Code   RO          516    .text               mf_w.l(fadd.o)
    0x08003c58   0x0000006c   Code   RO          518    .text               mf_w.l(fmul.o)
    0x08003cc4   0x00000080   Code   RO          520    .text               mf_w.l(fdiv.o)
    0x08003d44   0x00000012   Code   RO          522    .text               mf_w.l(fflti.o)
    0x08003d56   0x0000000a   Code   RO          524    .text               mf_w.l(ffltui.o)
    0x08003d60   0x00000032   Code   RO          526    .text               mf_w.l(ffixi.o)
    0x08003d92   0x00000002   PAD
    0x08003d94   0x00000014   Code   RO          528    .text               mf_w.l(cfcmple.o)
    0x08003da8   0x00000014   Code   RO          530    .text               mf_w.l(cfrcmple.o)
    0x08003dbc   0x00000000   Code   RO          546    .text               mc_w.l(iusefp.o)
    0x08003dbc   0x0000006c   Code   RO          547    .text               mf_w.l(fepilogue.o)
    0x08003e28   0x00000024   Code   RO          549    .text               mc_w.l(init.o)
    0x08003e4c   0x0000000e   Code   RO          553    i.__scatterload_copy  mc_w.l(handlers.o)
    0x08003e5a   0x00000002   Code   RO          554    i.__scatterload_null  mc_w.l(handlers.o)
    0x08003e5c   0x0000000e   Code   RO          555    i.__scatterload_zeroinit  mc_w.l(handlers.o)
    0x08003e6a   0x00000002   PAD
    0x08003e6c   0x00000020   Data   RO          551    Region$$Table       anon$$obj.o


    Execution Region RW_IRAM1 (Base: 0x20000000, Size: 0x00000850, Max: 0x00005000, ABSOLUTE)

    Base Addr    Size         Type   Attr      Idx    E Section Name        Object

    0x20000000   0x00000010   Data   RW            2    .data               common.o
    0x20000010   0x00000014   Data   RW          174    .data               system_stm32f10x.o
    0x20000024   0x00000051   Data   RW          192    .data               control.o
    0x20000075   0x00000001   PAD
    0x20000076   0x0000000a   Data   RW          231    .data               led.o
    0x20000080   0x00000002   Data   RW          253    .data               motor.o
    0x20000082   0x00000007   Data   RW          268    .data               systick.o
    0x20000089   0x00000001   PAD
    0x2000008a   0x00000009   Data   RW          299    .data               uart.o
    0x20000093   0x00000010   Data   RW          330    .data               adc.o
    0x200000a3   0x00000001   PAD
    0x200000a4   0x0000000e   Data   RW          356    .data               flash.o
    0x200000b2   0x00000014   Data   RW          446    .data               stm32f10x_rcc.o
    0x200000c6   0x00000002   PAD
    0x200000c8   0x0000004c   Zero   RW            1    .bss                common.o
    0x20000114   0x000001f4   Zero   RW          298    .bss                uart.o
    0x20000308   0x00000080   Zero   RW          329    .bss                adc.o
    0x20000388   0x000000c8   Zero   RW          355    .bss                flash.o
    0x20000450   0x00000400   Zero   RW          470    STACK               startup_stm32f10x_md.o


==============================================================================

Image component sizes


      Code (inc. data)   RO Data    RW Data    ZI Data      Debug   Object Name

      1328        124          0         16        128       3641   adc.o
       136         10          0          0          0        793   buzzer.o
         0          0          0         16         76     294289   common.o
      1068        120          0         81          0       2359   control.o
         0          0          0          0          0         32   core_cm3.o
       272         34          0         14        200       1987   flash.o
        96         12          0          0          0        433   input.o
       560         40          0         10          0       1700   led.o
       168          8          0          0          0       1768   main.o
       220         20          0          0          0       1857   misc.o
       408         42          0          2          0       1375   motor.o
        36          8        236          0       1024        864   startup_stm32f10x_md.o
      1102         26          0          0          0      10889   stm32f10x_adc.o
       592          8          0          0          0       4382   stm32f10x_dma.o
      1468         34          0          0          0       8086   stm32f10x_flash.o
       856         40          0          0          0       5701   stm32f10x_gpio.o
        24          0          0          0          0       1054   stm32f10x_it.o
       932         44          0         20          0       8848   stm32f10x_rcc.o
      3610         88          0          0          0      22184   stm32f10x_tim.o
      1032         22          0          0          0       8424   stm32f10x_usart.o
       476         36          0         20          0       1635   system_stm32f10x.o
       232         42          0          7          0      16489   systick.o
       396         44          0          9        500       1943   uart.o

    ----------------------------------------------------------------------
     15016        802        268        200       1928     400733   Object Totals
         0          0         32          0          0          0   (incl. Generated)
         4          0          0          5          0          0   (incl. Padding)

    ----------------------------------------------------------------------

      Code (inc. data)   RO Data    RW Data    ZI Data      Debug   Library Member Name

         0          0          0          0          0          0   entry.o
         0          0          0          0          0          0   entry10a.o
         0          0          0          0          0          0   entry11a.o
         8          4          0          0          0          0   entry2.o
         4          0          0          0          0          0   entry5.o
         0          0          0          0          0          0   entry7b.o
         0          0          0          0          0          0   entry8b.o
         8          4          0          0          0          0   entry9a.o
        30          0          0          0          0          0   handlers.o
        36          8          0          0          0         68   init.o
         0          0          0          0          0          0   iusefp.o
        20          0          0          0          0         68   cfcmple.o
        20          0          0          0          0         68   cfrcmple.o
       176          0          0          0          0        140   fadd.o
       128          0          0          0          0         88   fdiv.o
       108          0          0          0          0        168   fepilogue.o
        50          0          0          0          0         68   ffixi.o
        18          0          0          0          0         68   fflti.o
        10          0          0          0          0         68   ffltui.o
       108          0          0          0          0         76   fmul.o

    ----------------------------------------------------------------------
       728         16          0          0          0        880   Library Totals
         4          0          0          0          0          0   (incl. Padding)

    ----------------------------------------------------------------------

      Code (inc. data)   RO Data    RW Data    ZI Data      Debug   Library Name

        86         16          0          0          0         68   mc_w.l
       638          0          0          0          0        812   mf_w.l

    ----------------------------------------------------------------------
       728         16          0          0          0        880   Library Totals

    ----------------------------------------------------------------------

==============================================================================


      Code (inc. data)   RO Data    RW Data    ZI Data      Debug   

     15744        818        268        200       1928     399169   Grand Totals
     15744        818        268        200       1928     399169   ELF Image Totals
     15744        818        268        200          0          0   ROM Totals

==============================================================================

    Total RO  Size (Code + RO Data)                16012 (  15.64kB)
    Total RW  Size (RW Data + ZI Data)              2128 (   2.08kB)
    Total ROM Size (Code + RO Data + RW Data)      16212 (  15.83kB)

==============================================================================

